Microsoft Windows [Versión 10.0.17134.950]
(c) 2018 Microsoft Corporation. Todos los derechos reservados.

C:\Users\Ronald\Documents\Functions>npm install -g firebase-tools
C:\Users\Ronald\AppData\Roaming\npm\firebase -> C:\Users\Ronald\AppData\Roaming\npm\node_modules\firebase-tools\lib\bin\firebase.jslib\bin\firebase.js                                                                                             s):
npm WARN optional SKIPPING OPTIONAL DEPENDENCY: fsevents@2.0.7 (node_modules\firebase-tools\node_modules\fseventch":"any"} (current: {"os":"es\firebase-tools\node_modules\fsevents):
npm WARN notsup SKIPPING OPTIONAL DEPENDENCY: Unsupported platform for fsevents@2.0.7: wanted {"os":"darwin","arvents@2.0.7: wanted {"os":"darwin","arch":"any"} (current: {"os":"win32",""arch":"x64"})

+ firebase-tools@7.3.0
updated 1 package in 44.265s                                                                                    collected in accordance with

C:\Users\Ronald\Documents\Functions>firebase login                        to help improve our products. Data is
i  Firebase optionally collects CLI usage and error reporting information gle.com/privacy) and is not used to id to help improve our products. Data is collected in accordance with Googl'e's privacy policy (https://policies.google.com/privacy) and is not used
to identify you.                                                          n)

? Allow Firebase to collect CLI usage and error reporting information? (Y/? Allow Firebase to collect CLI usage and error reporting information? Yes
i  To change your data collection preference at any time, run `firebase logout` and log in again.

Visit this URL on any device to log in:
https://accounts.google.com/o/oauth2/auth?client_id=563584335869-fgrhgmd47bqnekij5i8b5pr03ho849e6.apps.googleusercontent.com&scope=email%20openid%20https%3A%2F%2Fwww.googleapis.com%2Fauth%2Fcloudplatformprojects.readonly%20https%3A%2F%2Fwww.googleapis.com%2Fauth%2Ffirebase%20https%3A%2F%2Fwww.googleapis.com%2Fauth%2Fcloud-platform&response_type=code&state=877099514&redirect_uri=http%3A%2F%2Flocalhost%3A9005

Waiting for authentication...

+  Success! Logged in as ronaldruben01@gmail.com

C:\Users\Ronald\Documents\Functions>firebase init

     ######## #### ########  ######## ########     ###     ######  ########
     ##        ##  ##     ## ##       ##     ##  ##   ##  ##       ##
     ######    ##  ########  ######   ########  #########  ######  ######
     ##        ##  ##    ##  ##       ##     ## ##     ##       ## ##
     ##       #### ##     ## ######## ########  ##     ##  ######  ########

You're about to initialize a Firebase project in this directory:

  C:\Users\Ronald\Documents\Functions

? Are you ready to proceed? Yes
? Which Firebase CLI features do you want to set up for this folder? Press Space to select features, then Enter to confirm your choices. Functions: Configure and deploy Cloud Functions

=== Project Setup

First, let's associate this project directory with a Firebase project.
You can create multiple project aliases by running firebase use --add,
but for now we'll just set up a default project.

? Please select an option: Use an existing project
? Select a default Firebase project for this directory: prueba-cloudfunctions (prueba-cloudfunctions)
i  Using project prueba-cloudfunctions (prueba-cloudfunctions)

=== Functions Setup

A functions directory will be created in your project with a Node.js
package pre-configured. Functions can be deployed with firebase deploy.

? What language would you like to use to write Cloud Functions? TypeScript
? Do you want to use TSLint to catch probable bugs and enforce style? Yes
+  Wrote functions/package.json
+  Wrote functions/tslint.json
+  Wrote functions/tsconfig.json
+  Wrote functions/src/index.ts
+  Wrote functions/.gitignore
? Do you want to install dependencies with npm now? Yes

> protobufjs@6.8.8 postinstall C:\Users\Ronald\Documents\Functions\functions\node_modules\protobufjs
> node scripts/postinstall

npm notice created a lockfile as package-lock.json. You should commit this file.
npm WARN @firebase/database@0.4.12 requires a peer of @firebase/app@0.x but none is installed. You must install peer dependencies yourself.
npm WARN @firebase/database@0.4.12 requires a peer of @firebase/app-types@0.x but none is installed. You must install peer dependencies yourself.
npm WARN @firebase/database-types@0.4.2 requires a peer of @firebase/app-types@0.x but none is installed. You must install peer dependencies yourself.

added 264 packages from 186 contributors and audited 711 packages in 68.066s
found 0 vulnerabilities


i  Writing configuration info to firebase.json...
i  Writing project information to .firebaserc...
i  Writing gitignore file to .gitignore...

+  Firebase initialization complete!

C:\Users\Ronald\Documents\Functions>firebase deploy --only functions

Error: Server Error. socket hang up

C:\Users\Ronald\Documents\Functions>firebase deploy --only functions

=== Deploying to 'prueba-cloudfunctions'...

i  deploying functions
Running command: npm --prefix "$RESOURCE_DIR" run lint

> functions@ lint C:\Users\Ronald\Documents\Functions\functions
> tslint --project tsconfig.json

Running command: npm --prefix "$RESOURCE_DIR" run build

> functions@ build C:\Users\Ronald\Documents\Functions\functions
> tsc

+  functions: Finished running predeploy script.
i  functions: ensuring necessary APIs are enabled...
+  functions: all necessary APIs are enabled
i  functions: preparing functions directory for uploading...
i  functions: packaged functions (30.75 KB) for uploading
+  functions: functions folder uploaded successfully
i  functions: creating Node.js 8 function add(us-central1)...
+  functions[add(us-central1)]: Successful create operation.
Function URL (add): https://us-central1-prueba-cloudfunctions.cloudfunctions.net/add

+  Deploy complete!

Project Console: https://console.firebase.google.com/project/prueba-cloudfunctions/overview

C:\Users\Ronald\Documents\Functions>cd /functions
El sistema no puede encontrar la ruta especificada.

C:\Users\Ronald\Documents\Functions>cd functions

C:\Users\Ronald\Documents\Functions\functions>npm install firebase-admin -s
+ firebase-admin@8.4.0
updated 1 package and audited 711 packages in 25.53s
found 0 vulnerabilities


C:\Users\Ronald\Documents\Functions\functions>firebase deploy --only functions

=== Deploying to 'prueba-cloudfunctions'...

i  deploying functions
Running command: npm --prefix "$RESOURCE_DIR" run lint

> functions@ lint C:\Users\Ronald\Documents\Functions\functions
> tslint --project tsconfig.json

Running command: npm --prefix "$RESOURCE_DIR" run build

> functions@ build C:\Users\Ronald\Documents\Functions\functions
> tsc

+  functions: Finished running predeploy script.
i  functions: ensuring necessary APIs are enabled...
+  functions: all necessary APIs are enabled
i  functions: preparing functions directory for uploading...
i  functions: packaged functions (30.77 KB) for uploading
+  functions: functions folder uploaded successfully
i  functions: updating Node.js 8 function add(us-central1)...
+  functions[add(us-central1)]: Successful update operation.

+  Deploy complete!

Project Console: https://console.firebase.google.com/project/prueba-cloudfunctions/overview

C:\Users\Ronald\Documents\Functions\functions>firebase deploy --only functions

=== Deploying to 'prueba-cloudfunctions'...

i  deploying functions
Running command: npm --prefix "$RESOURCE_DIR" run lint

> functions@ lint C:\Users\Ronald\Documents\Functions\functions
> tslint --project tsconfig.json

Running command: npm --prefix "$RESOURCE_DIR" run build

> functions@ build C:\Users\Ronald\Documents\Functions\functions
> tsc

+  functions: Finished running predeploy script.
i  functions: ensuring necessary APIs are enabled...
+  functions: all necessary APIs are enabled
i  functions: preparing functions directory for uploading...
i  functions: packaged functions (31.01 KB) for uploading
+  functions: functions folder uploaded successfully
i  functions: updating Node.js 8 function add(us-central1)...
+  functions[add(us-central1)]: Successful update operation.

+  Deploy complete!

Project Console: https://console.firebase.google.com/project/prueba-cloudfunctions/overview

C:\Users\Ronald\Documents\Functions\functions>firebase deploy --only functions

=== Deploying to 'prueba-cloudfunctions'...

i  deploying functions
Running command: npm --prefix "$RESOURCE_DIR" run lint

> functions@ lint C:\Users\Ronald\Documents\Functions\functions
> tslint --project tsconfig.json

Running command: npm --prefix "$RESOURCE_DIR" run build

> functions@ build C:\Users\Ronald\Documents\Functions\functions
> tsc

+  functions: Finished running predeploy script.
i  functions: ensuring necessary APIs are enabled...
+  functions: all necessary APIs are enabled
i  functions: preparing functions directory for uploading...
i  functions: packaged functions (31.01 KB) for uploading
^C¿Desea terminar el trabajo por lotes (S/N)? S

C:\Users\Ronald\Documents\Functions\functions>firebase deploy --only functions

=== Deploying to 'prueba-cloudfunctions'...

i  deploying functions
Running command: npm --prefix "$RESOURCE_DIR" run lint

> functions@ lint C:\Users\Ronald\Documents\Functions\functions
> tslint --project tsconfig.json

Running command: npm --prefix "$RESOURCE_DIR" run build

> functions@ build C:\Users\Ronald\Documents\Functions\functions
> tsc

+  functions: Finished running predeploy script.
i  functions: ensuring necessary APIs are enabled...
+  functions: all necessary APIs are enabled
i  functions: preparing functions directory for uploading...
i  functions: packaged functions (31.01 KB) for uploading
+  functions: functions folder uploaded successfully
i  functions: updating Node.js 8 function add(us-central1)...
+  functions[add(us-central1)]: Successful update operation.

+  Deploy complete!

Project Console: https://console.firebase.google.com/project/prueba-cloudfunctions/overview

C:\Users\Ronald\Documents\Functions\functions>firebase deploy --only functions

=== Deploying to 'prueba-cloudfunctions'...

i  deploying functions
Running command: npm --prefix "$RESOURCE_DIR" run lint

> functions@ lint C:\Users\Ronald\Documents\Functions\functions
> tslint --project tsconfig.json

Running command: npm --prefix "$RESOURCE_DIR" run build

> functions@ build C:\Users\Ronald\Documents\Functions\functions
> tsc

+  functions: Finished running predeploy script.
i  functions: ensuring necessary APIs are enabled...
+  functions: all necessary APIs are enabled
i  functions: preparing functions directory for uploading...
i  functions: packaged functions (31.31 KB) for uploading
+  functions: functions folder uploaded successfully
i  functions: updating Node.js 8 function add(us-central1)...
+  functions[add(us-central1)]: Successful update operation.

+  Deploy complete!

Project Console: https://console.firebase.google.com/project/prueba-cloudfunctions/overview

C:\Users\Ronald\Documents\Functions\functions>firebase deploy --only functions

=== Deploying to 'prueba-cloudfunctions'...

i  deploying functions
Running command: npm --prefix "$RESOURCE_DIR" run lint

> functions@ lint C:\Users\Ronald\Documents\Functions\functions
> tslint --project tsconfig.json

Running command: npm --prefix "$RESOURCE_DIR" run build

> functions@ build C:\Users\Ronald\Documents\Functions\functions
> tsc

+  functions: Finished running predeploy script.
i  functions: ensuring necessary APIs are enabled...
+  functions: all necessary APIs are enabled
i  functions: preparing functions directory for uploading...
i  functions: packaged functions (31.39 KB) for uploading
+  functions: functions folder uploaded successfully
i  functions: updating Node.js 8 function add(us-central1)...
+  functions[add(us-central1)]: Successful update operation.

+  Deploy complete!

Project Console: https://console.firebase.google.com/project/prueba-cloudfunctions/overview

C:\Users\Ronald\Documents\Functions\functions>firebase deploy --only functions

=== Deploying to 'prueba-cloudfunctions'...

i  deploying functions
Running command: npm --prefix "$RESOURCE_DIR" run lint

> functions@ lint C:\Users\Ronald\Documents\Functions\functions
> tslint --project tsconfig.json

Running command: npm --prefix "$RESOURCE_DIR" run build

> functions@ build C:\Users\Ronald\Documents\Functions\functions
> tsc

+  functions: Finished running predeploy script.
i  functions: ensuring necessary APIs are enabled...
+  functions: all necessary APIs are enabled
i  functions: preparing functions directory for uploading...
i  functions: packaged functions (32.37 KB) for uploading
+  functions: functions folder uploaded successfully
i  functions: creating Node.js 8 function respuestaWeb(us-central1)...

The following functions are found in your project but do not exist in your local source code:
        add(us-central1)

If you are renaming a function or changing its region, it is recommended that you create the new function first before deleting the old one
to prevent event loss. For more info, visit https://firebase.google.com/docs/functions/manage-functions#modify

? Would you like to proceed with deletion? Selecting no will continue the rest of the deployments. Yes
i  functions: deleting function add(us-central1)...
+  functions[add(us-central1)]: Successful delete operation.
+  functions[respuestaWeb(us-central1)]: Successful create operation.
Function URL (respuestaWeb): https://us-central1-prueba-cloudfunctions.cloudfunctions.net/respuestaWeb

+  Deploy complete!

Project Console: https://console.firebase.google.com/project/prueba-cloudfunctions/overview

C:\Users\Ronald\Documents\Functions\functions>firebase deploy --only functions

=== Deploying to 'prueba-cloudfunctions'...

i  deploying functions
Running command: npm --prefix "$RESOURCE_DIR" run lint

> functions@ lint C:\Users\Ronald\Documents\Functions\functions
> tslint --project tsconfig.json

Running command: npm --prefix "$RESOURCE_DIR" run build

> functions@ build C:\Users\Ronald\Documents\Functions\functions
> tsc

+  functions: Finished running predeploy script.
i  functions: ensuring necessary APIs are enabled...
+  functions: all necessary APIs are enabled
i  functions: preparing functions directory for uploading...
i  functions: packaged functions (32.31 KB) for uploading
+  functions: functions folder uploaded successfully
i  functions: creating Node.js 8 function FuncionBaseDeDatos(us-central1)...
i  functions: updating Node.js 8 function respuestaWeb(us-central1)...
+  functions[FuncionBaseDeDatos(us-central1)]: Successful create operation.
Function URL (FuncionBaseDeDatos): https://us-central1-prueba-cloudfunctions.cloudfunctions.net/FuncionBaseDeDatos
+  functions[respuestaWeb(us-central1)]: Successful update operation.

+  Deploy complete!

Project Console: https://console.firebase.google.com/project/prueba-cloudfunctions/overview

C:\Users\Ronald\Documents\Functions\functions>firebase deploy --only functions

=== Deploying to 'prueba-cloudfunctions'...

i  deploying functions
Running command: npm --prefix "$RESOURCE_DIR" run lint

> functions@ lint C:\Users\Ronald\Documents\Functions\functions
> tslint --project tsconfig.json

Running command: npm --prefix "$RESOURCE_DIR" run build

> functions@ build C:\Users\Ronald\Documents\Functions\functions
> tsc

+  functions: Finished running predeploy script.
i  functions: ensuring necessary APIs are enabled...
+  functions: all necessary APIs are enabled
i  functions: preparing functions directory for uploading...
i  functions: packaged functions (32.36 KB) for uploading
+  functions: functions folder uploaded successfully
i  functions: updating Node.js 8 function respuestaWeb(us-central1)...
i  functions: updating Node.js 8 function FuncionBaseDeDatos(us-central1)...
+  functions[respuestaWeb(us-central1)]: Successful update operation.
+  functions[FuncionBaseDeDatos(us-central1)]: Successful update operation.

+  Deploy complete!

Project Console: https://console.firebase.google.com/project/prueba-cloudfunctions/overview

C:\Users\Ronald\Documents\Functions\functions>firebase deploy --only functions

=== Deploying to 'prueba-cloudfunctions'...

i  deploying functions
Running command: npm --prefix "$RESOURCE_DIR" run lint

> functions@ lint C:\Users\Ronald\Documents\Functions\functions
> tslint --project tsconfig.json


ERROR: C:/Users/Ronald/Documents/Functions/functions/src/index.ts:3:57 - Module '@google-cloud/firestore' is not listed as dependency in package.json
ERROR: C:/Users/Ronald/Documents/Functions/functions/src/index.ts:34:5 - Promises must be handled appropriately

npm ERR! code ELIFECYCLE
npm ERR! errno 2
npm ERR! functions@ lint: `tslint --project tsconfig.json`
npm ERR! Exit status 2
npm ERR!
npm ERR! Failed at the functions@ lint script.

C:\Users\Ronald\Documents\Functions\functions>firebase deploy --only functions

=== Deploying to 'prueba-cloudfunctions'...

i  deploying functions
Running command: npm --prefix "$RESOURCE_DIR" run lint

> functions@ lint C:\Users\Ronald\Documents\Functions\functions
> tslint --project tsconfig.json


ERROR: C:/Users/Ronald/Documents/Functions/functions/src/index.ts:3:57 - Module '@google-cloud/firestore' is not listed as dependency in package.json
ERROR: C:/Users/Ronald/Documents/Functions/functions/src/index.ts:34:5 - Promises must be handled appropriately

npm ERR! code ELIFECYCLE
npm ERR! errno 2
npm ERR! functions@ lint: `tslint --project tsconfig.json`
npm ERR! Exit status 2
npm ERR!
npm ERR! Failed at the functions@ lint script.

C:\Users\Ronald\Documents\Functions\functions>firebase deploy --only functions

=== Deploying to 'prueba-cloudfunctions'...

i  deploying functions
Running command: npm --prefix "$RESOURCE_DIR" run lint

> functions@ lint C:\Users\Ronald\Documents\Functions\functions
> tslint --project tsconfig.json


ERROR: C:/Users/Ronald/Documents/Functions/functions/src/index.ts:33:5 - Promises must be handled appropriately

npm ERR! code ELIFECYCLE
npm ERR! errno 2
npm ERR! functions@ lint: `tslint --project tsconfig.json`
npm ERR! Exit status 2
npm ERR!
npm ERR! Failed at the functions@ lint script.
npm ERR! This is probably not a problem with npm. There is likely additional logging output above.

npm ERR! A complete log of this run can be found in:
npm ERR!     C:\Users\Ronald\AppData\Roaming\npm-cache\_logs\2019-08-31T04_54_27_579Z-debug.log

Error: functions predeploy error: Command terminated with non-zero exit code2

C:\Users\Ronald\Documents\Functions\functions>firebase deploy --only functions

=== Deploying to 'prueba-cloudfunctions'...

i  deploying functions
Running command: npm --prefix "$RESOURCE_DIR" run lint

> functions@ lint C:\Users\Ronald\Documents\Functions\functions
> tslint --project tsconfig.json

Running command: npm --prefix "$RESOURCE_DIR" run build

> functions@ build C:\Users\Ronald\Documents\Functions\functions
> tsc

+  functions: Finished running predeploy script.
i  functions: ensuring necessary APIs are enabled...
+  functions: all necessary APIs are enabled
i  functions: preparing functions directory for uploading...
i  functions: packaged functions (32.58 KB) for uploading
+  functions: functions folder uploaded successfully
i  functions: creating Node.js 8 function FuncionLeerBaseDatos(us-central1)...
i  functions: updating Node.js 8 function respuestaWeb(us-central1)...
i  functions: updating Node.js 8 function FuncionBaseDeDatos(us-central1)...
+  functions[FuncionLeerBaseDatos(us-central1)]: Successful create operation.
Function URL (FuncionLeerBaseDatos): https://us-central1-prueba-cloudfunctions.cloudfunctions.net/FuncionLeerBaseDatos
+  functions[FuncionBaseDeDatos(us-central1)]: Successful update operation.
+  functions[respuestaWeb(us-central1)]: Successful update operation.

+  Deploy complete!

Project Console: https://console.firebase.google.com/project/prueba-cloudfunctions/overview

C:\Users\Ronald\Documents\Functions\functions>firebase deploy --only functions

=== Deploying to 'prueba-cloudfunctions'...

i  deploying functions
Running command: npm --prefix "$RESOURCE_DIR" run lint

> functions@ lint C:\Users\Ronald\Documents\Functions\functions
> tslint --project tsconfig.json

Running command: npm --prefix "$RESOURCE_DIR" run build

> functions@ build C:\Users\Ronald\Documents\Functions\functions
> tsc

+  functions: Finished running predeploy script.
i  functions: ensuring necessary APIs are enabled...
+  functions: all necessary APIs are enabled
i  functions: preparing functions directory for uploading...
i  functions: packaged functions (32.58 KB) for uploading
+  functions: functions folder uploaded successfully
i  functions: updating Node.js 8 function respuestaWeb(us-central1)...
i  functions: updating Node.js 8 function FuncionBaseDeDatos(us-central1)...
i  functions: updating Node.js 8 function FuncionLeerBaseDatos(us-central1)...
^C¿Desea terminar el trabajo por lotes (S/N)? S

C:\Users\Ronald\Documents\Functions\functions>firebase deploy --only functions

=== Deploying to 'prueba-cloudfunctions'...

i  deploying functions
Running command: npm --prefix "$RESOURCE_DIR" run lint

> functions@ lint C:\Users\Ronald\Documents\Functions\functions
> tslint --project tsconfig.json

Running command: npm --prefix "$RESOURCE_DIR" run build

> functions@ build C:\Users\Ronald\Documents\Functions\functions
> tsc

+  functions: Finished running predeploy script.
i  functions: ensuring necessary APIs are enabled...
+  functions: all necessary APIs are enabled
i  functions: preparing functions directory for uploading...
i  functions: packaged functions (32.58 KB) for uploading
+  functions: functions folder uploaded successfully
i  functions: updating Node.js 8 function respuestaWeb(us-central1)...
i  functions: updating Node.js 8 function FuncionBaseDeDatos(us-central1)...
i  functions: updating Node.js 8 function FuncionLeerBaseDatos(us-central1)...
+  functions[FuncionBaseDeDatos(us-central1)]: Successful update operation.
+  functions[respuestaWeb(us-central1)]: Successful update operation.
+  functions[FuncionLeerBaseDatos(us-central1)]: Successful update operation.

+  Deploy complete!

Project Console: https://console.firebase.google.com/project/prueba-cloudfunctions/overview

C:\Users\Ronald\Documents\Functions\functions>